// Jest Snapshot v1, https://goo.gl/fbAQLP

exports[`renders a message 1`] = `
<h1>
  Hello, World!
</h1>
`;
